\BOOKMARK [1][-]{section*.2}{\376\377\000A\000b\000s\000t\000r\000a\000c\000t}{}% 1
\BOOKMARK [1][-]{section.1}{\376\377\000I\000n\000t\000r\000o\000d\000u\000c\000t\000i\000o\000n}{}% 2
\BOOKMARK [2][-]{subsection.1.1}{\376\377\000P\000a\000c\000k\000a\000g\000e\000\040\000A\000r\000c\000h\000i\000t\000e\000c\000t\000u\000r\000e}{section.1}% 3
\BOOKMARK [2][-]{subsection.1.2}{\376\377\000R\000e\000p\000o\000s\000i\000t\000o\000r\000y\000\040\000S\000t\000r\000u\000c\000t\000u\000r\000e}{section.1}% 4
\BOOKMARK [2][-]{subsection.1.3}{\376\377\000T\000a\000r\000g\000e\000t\000\040\000P\000a\000c\000k\000a\000g\000e\000\040\000L\000a\000y\000o\000u\000t}{section.1}% 5
\BOOKMARK [2][-]{subsection.1.4}{\376\377\000A\000u\000t\000o\000m\000a\000t\000e\000d\000\040\000W\000o\000r\000k\000f\000l\000o\000w\000\040\000I\000n\000f\000r\000a\000s\000t\000r\000u\000c\000t\000u\000r\000e}{section.1}% 6
\BOOKMARK [1][-]{section.2}{\376\377\000P\000h\000a\000s\000e\000\040\0001\000:\000\040\000C\000\040\000S\000o\000u\000r\000c\000e\000\040\000D\000e\000p\000e\000n\000d\000e\000n\000c\000y\000\040\000A\000n\000a\000l\000y\000s\000i\000s}{}% 7
\BOOKMARK [2][-]{subsection.2.1}{\376\377\000M\000o\000t\000i\000v\000a\000t\000i\000o\000n}{section.2}% 8
\BOOKMARK [2][-]{subsection.2.2}{\376\377\000M\000e\000t\000h\000o\000d\000o\000l\000o\000g\000y}{section.2}% 9
\BOOKMARK [2][-]{subsection.2.3}{\376\377\000K\000e\000y\000\040\000F\000i\000n\000d\000i\000n\000g\000s}{section.2}% 10
\BOOKMARK [1][-]{section.3}{\376\377\000P\000h\000a\000s\000e\000\040\0002\000:\000\040\000R\000\040\000E\000x\000t\000e\000r\000n\000a\000l\000\040\000I\000t\000e\000m\000\040\000E\000x\000t\000r\000a\000c\000t\000i\000o\000n\000\040\000f\000r\000o\000m\000\040\000C\000\040\000S\000o\000u\000r\000c\000e\000s}{}% 11
\BOOKMARK [2][-]{subsection.3.1}{\376\377\000M\000o\000t\000i\000v\000a\000t\000i\000o\000n}{section.3}% 12
\BOOKMARK [2][-]{subsection.3.2}{\376\377\000M\000e\000t\000h\000o\000d\000o\000l\000o\000g\000y}{section.3}% 13
\BOOKMARK [2][-]{subsection.3.3}{\376\377\000K\000e\000y\000\040\000F\000i\000n\000d\000i\000n\000g\000s}{section.3}% 14
\BOOKMARK [1][-]{section.4}{\376\377\000P\000h\000a\000s\000e\000\040\0003\000:\000\040\000F\000a\000k\000e\000\040\000C\000+\000+\000\040\000H\000e\000a\000d\000e\000r\000\040\000I\000m\000p\000l\000e\000m\000e\000n\000t\000a\000t\000i\000o\000n\000\040\000G\000u\000i\000d\000e\000s}{}% 15
\BOOKMARK [2][-]{subsection.4.1}{\376\377\000M\000o\000t\000i\000v\000a\000t\000i\000o\000n}{section.4}% 16
\BOOKMARK [2][-]{subsection.4.2}{\376\377\000M\000e\000t\000h\000o\000d\000o\000l\000o\000g\000y}{section.4}% 17
\BOOKMARK [2][-]{subsection.4.3}{\376\377\000C\000l\000a\000s\000s\000i\000f\000i\000c\000a\000t\000i\000o\000n\000\040\000o\000f\000\040\000E\000x\000t\000e\000r\000n\000a\000l\000\040\000I\000t\000e\000m\000s}{section.4}% 18
\BOOKMARK [2][-]{subsection.4.4}{\376\377\000K\000e\000y\000\040\000T\000e\000c\000h\000n\000i\000c\000a\000l\000\040\000D\000e\000c\000i\000s\000i\000o\000n\000s}{section.4}% 19
\BOOKMARK [1][-]{section.5}{\376\377\000P\000h\000a\000s\000e\000\040\0004\000:\000\040\000F\000a\000k\000e\000\040\000C\000+\000+\000\040\000H\000e\000a\000d\000e\000r\000\040\000G\000e\000n\000e\000r\000a\000t\000i\000o\000n\000\040\000a\000n\000d\000\040\000C\000o\000m\000p\000i\000l\000a\000t\000i\000o\000n\000\040\000B\000u\000g\000\040\000A\000u\000d\000i\000t}{}% 20
\BOOKMARK [2][-]{subsection.5.1}{\376\377\000M\000o\000t\000i\000v\000a\000t\000i\000o\000n}{section.5}% 21
\BOOKMARK [2][-]{subsection.5.2}{\376\377\000H\000e\000a\000d\000e\000r\000\040\000G\000e\000n\000e\000r\000a\000t\000i\000o\000n}{section.5}% 22
\BOOKMARK [2][-]{subsection.5.3}{\376\377\000P\000o\000s\000t\000-\000G\000e\000n\000e\000r\000a\000t\000i\000o\000n\000\040\000B\000u\000g\000\040\000A\000u\000d\000i\000t}{section.5}% 23
\BOOKMARK [1][-]{section.6}{\376\377\000P\000h\000a\000s\000e\000\040\0005\000:\000\040\000P\000u\000r\000e\000-\000C\000\040\000E\000n\000t\000r\000y\000-\000P\000o\000i\000n\000t\000\040\000G\000e\000n\000e\000r\000a\000t\000i\000o\000n\000\040\000a\000n\000d\000\040\000F\000a\000k\000e\000-\000H\000e\000a\000d\000e\000r\000\040\000M\000i\000g\000r\000a\000t\000i\000o\000n}{}% 24
\BOOKMARK [2][-]{subsection.6.1}{\376\377\000M\000o\000t\000i\000v\000a\000t\000i\000o\000n}{section.6}% 25
\BOOKMARK [2][-]{subsection.6.2}{\376\377\000P\000h\000a\000s\000e\000\040\0005\000A\000:\000\040\000E\000n\000t\000r\000y\000-\000P\000o\000i\000n\000t\000\040\000G\000e\000n\000e\000r\000a\000t\000i\000o\000n}{section.6}% 26
\BOOKMARK [2][-]{subsection.6.3}{\376\377\000P\000h\000a\000s\000e\000\040\0005\000B\000:\000\040\000B\000u\000l\000k\000\040\000F\000a\000k\000e\000-\000H\000e\000a\000d\000e\000r\000\040\000M\000i\000g\000r\000a\000t\000i\000o\000n}{section.6}% 27
\BOOKMARK [1][-]{section.7}{\376\377\000P\000h\000a\000s\000e\000\040\0006\000:\000\040\000R\000\040\000P\000a\000c\000k\000a\000g\000e\000\040\000S\000t\000r\000u\000c\000t\000u\000r\000a\000l\000\040\000D\000e\000p\000e\000n\000d\000e\000n\000c\000y\000\040\000A\000n\000a\000l\000y\000s\000i\000s}{}% 28
\BOOKMARK [2][-]{subsection.7.1}{\376\377\000M\000o\000t\000i\000v\000a\000t\000i\000o\000n}{section.7}% 29
\BOOKMARK [2][-]{subsection.7.2}{\376\377\000M\000e\000t\000h\000o\000d\000o\000l\000o\000g\000y}{section.7}% 30
\BOOKMARK [2][-]{subsection.7.3}{\376\377\000K\000e\000y\000\040\000F\000i\000n\000d\000i\000n\000g\000s}{section.7}% 31
\BOOKMARK [1][-]{section.8}{\376\377\000P\000h\000a\000s\000e\000\040\0007\000:\000\040\000P\000y\000t\000h\000o\000n\000\040\000B\000u\000i\000l\000d\000\040\000I\000n\000f\000r\000a\000s\000t\000r\000u\000c\000t\000u\000r\000e}{}% 32
\BOOKMARK [2][-]{subsection.8.1}{\376\377\000M\000o\000t\000i\000v\000a\000t\000i\000o\000n}{section.8}% 33
\BOOKMARK [2][-]{subsection.8.2}{\376\377\000B\000u\000i\000l\000d\000\040\000S\000y\000s\000t\000e\000m\000\040\000B\000u\000g\000s\000\040\000a\000n\000d\000\040\000F\000i\000x\000e\000s}{section.8}% 34
\BOOKMARK [2][-]{subsection.8.3}{\376\377\000C\000I\000/\000C\000D\000\040\000P\000i\000p\000e\000l\000i\000n\000e}{section.8}% 35
\BOOKMARK [1][-]{section.9}{\376\377\000P\000h\000a\000s\000e\000\040\0008\000:\000\040\000L\000a\000n\000g\000u\000a\000g\000e\000\040\000D\000e\000p\000e\000n\000d\000e\000n\000c\000y\000\040\000A\000n\000a\000l\000y\000s\000i\000s\000\040\000a\000n\000d\000\040\000C\000o\000n\000v\000e\000r\000s\000i\000o\000n\000\040\000G\000u\000i\000d\000e\000\040\000G\000e\000n\000e\000r\000a\000t\000i\000o\000n}{}% 36
\BOOKMARK [2][-]{subsection.9.1}{\376\377\000P\000h\000a\000s\000e\000\040\0008\000.\0001\000:\000\040\000L\000a\000n\000g\000u\000a\000g\000e\000\040\000D\000e\000p\000e\000n\000d\000e\000n\000c\000y\000\040\000E\000x\000t\000r\000a\000c\000t\000i\000o\000n}{section.9}% 37
\BOOKMARK [3][-]{subsubsection.9.1.1}{\376\377\000M\000o\000t\000i\000v\000a\000t\000i\000o\000n}{subsection.9.1}% 38
\BOOKMARK [3][-]{subsubsection.9.1.2}{\376\377\000M\000e\000t\000h\000o\000d\000o\000l\000o\000g\000y}{subsection.9.1}% 39
\BOOKMARK [3][-]{subsubsection.9.1.3}{\376\377\000C\000S\000V\000\040\000E\000n\000c\000o\000d\000i\000n\000g\000\040\000D\000e\000f\000e\000c\000t}{subsection.9.1}% 40
\BOOKMARK [3][-]{subsubsection.9.1.4}{\376\377\000K\000e\000y\000\040\000F\000i\000n\000d\000i\000n\000g\000s}{subsection.9.1}% 41
\BOOKMARK [2][-]{subsection.9.2}{\376\377\000P\000h\000a\000s\000e\000\040\0008\000.\0002\000:\000\040\000C\000o\000n\000v\000e\000r\000s\000i\000o\000n\000\040\000G\000u\000i\000d\000e\000\040\000G\000e\000n\000e\000r\000a\000t\000i\000o\000n}{section.9}% 42
\BOOKMARK [3][-]{subsubsection.9.2.1}{\376\377\000M\000o\000t\000i\000v\000a\000t\000i\000o\000n}{subsection.9.2}% 43
\BOOKMARK [3][-]{subsubsection.9.2.2}{\376\377\000M\000e\000t\000h\000o\000d\000o\000l\000o\000g\000y}{subsection.9.2}% 44
\BOOKMARK [3][-]{subsubsection.9.2.3}{\376\377\000V\000e\000r\000i\000f\000i\000c\000a\000t\000i\000o\000n\000\040\000E\000d\000g\000e\000\040\000C\000a\000s\000e}{subsection.9.2}% 45
\BOOKMARK [3][-]{subsubsection.9.2.4}{\376\377\000R\000e\000p\000r\000e\000s\000e\000n\000t\000a\000t\000i\000v\000e\000\040\000G\000u\000i\000d\000e\000\040\000C\000o\000m\000p\000l\000e\000x\000i\000t\000y}{subsection.9.2}% 46
\BOOKMARK [1][-]{section.10}{\376\377\000P\000h\000a\000s\000e\000\040\0009\000:\000\040\000R\000-\000t\000o\000-\000P\000y\000t\000h\000o\000n\000\040\000F\000u\000n\000c\000t\000i\000o\000n\000\040\000C\000o\000n\000v\000e\000r\000s\000i\000o\000n\000\040\000a\000n\000d\000\040\000P\000a\000c\000k\000a\000g\000e\000\040\000A\000s\000s\000e\000m\000b\000l\000y}{}% 47
\BOOKMARK [2][-]{subsection.10.1}{\376\377\000P\000h\000a\000s\000e\000\040\0009\000.\0001\000:\000\040\000B\000a\000t\000c\000h\000\040\000R\000-\000t\000o\000-\000P\000y\000t\000h\000o\000n\000\040\000F\000u\000n\000c\000t\000i\000o\000n\000\040\000C\000o\000n\000v\000e\000r\000s\000i\000o\000n}{section.10}% 48
\BOOKMARK [3][-]{subsubsection.10.1.1}{\376\377\000M\000o\000t\000i\000v\000a\000t\000i\000o\000n}{subsection.10.1}% 49
\BOOKMARK [3][-]{subsubsection.10.1.2}{\376\377\000M\000e\000t\000h\000o\000d\000o\000l\000o\000g\000y}{subsection.10.1}% 50
\BOOKMARK [3][-]{subsubsection.10.1.3}{\376\377\000C\000r\000o\000s\000s\000-\000C\000u\000t\000t\000i\000n\000g\000\040\000T\000r\000a\000n\000s\000l\000a\000t\000i\000o\000n\000\040\000D\000e\000c\000i\000s\000i\000o\000n\000s}{subsection.10.1}% 51
\BOOKMARK [3][-]{subsubsection.10.1.4}{\376\377\000N\000o\000t\000a\000b\000l\000e\000\040\000P\000e\000r\000-\000F\000i\000l\000e\000\040\000D\000e\000c\000i\000s\000i\000o\000n\000s}{subsection.10.1}% 52
\BOOKMARK [2][-]{subsection.10.2}{\376\377\000P\000h\000a\000s\000e\000\040\0009\000.\0002\000:\000\040\000P\000a\000c\000k\000a\000g\000e\000\040\000A\000s\000s\000e\000m\000b\000l\000y\000,\000\040\000A\000P\000I\000\040\000R\000e\000s\000t\000r\000u\000c\000t\000u\000r\000i\000n\000g\000,\000\040\000a\000n\000d\000\040\000T\000e\000s\000t\000\040\000V\000a\000l\000i\000d\000a\000t\000i\000o\000n}{section.10}% 53
\BOOKMARK [3][-]{subsubsection.10.2.1}{\376\377\000M\000o\000t\000i\000v\000a\000t\000i\000o\000n}{subsection.10.2}% 54
\BOOKMARK [3][-]{subsubsection.10.2.2}{\376\377\000P\000a\000c\000k\000a\000g\000e\000\040\000A\000s\000s\000e\000m\000b\000l\000y}{subsection.10.2}% 55
\BOOKMARK [3][-]{subsubsection.10.2.3}{\376\377\000A\000P\000I\000\040\000R\000e\000s\000t\000r\000u\000c\000t\000u\000r\000i\000n\000g}{subsection.10.2}% 56
\BOOKMARK [3][-]{subsubsection.10.2.4}{\376\377\000R\000u\000n\000t\000i\000m\000e\000\040\000B\000u\000g\000s\000\040\000i\000n\000\040\000r\000p\000a\000r\000t\000.\000p\000y}{subsection.10.2}% 57
\BOOKMARK [3][-]{subsubsection.10.2.5}{\376\377\000B\000u\000i\000l\000d\000\040\000S\000y\000s\000t\000e\000m\000\040\000F\000i\000x}{subsection.10.2}% 58
\BOOKMARK [3][-]{subsubsection.10.2.6}{\376\377\000T\000e\000s\000t\000\040\000R\000e\000s\000u\000l\000t\000s}{subsection.10.2}% 59
\BOOKMARK [2][-]{subsection.10.3}{\376\377\000P\000h\000a\000s\000e\000\040\0009\000.\0003\000:\000\040\000R\000\040\000I\000n\000t\000e\000r\000p\000r\000e\000t\000e\000r\000\040\000I\000t\000e\000m\000\040\000B\000r\000i\000d\000g\000e\000\040\000a\000n\000d\000\040\000c\000f\000f\000i\000\040\000M\000i\000g\000r\000a\000t\000i\000o\000n}{section.10}% 60
\BOOKMARK [3][-]{subsubsection.10.3.1}{\376\377\000M\000o\000t\000i\000v\000a\000t\000i\000o\000n}{subsection.10.3}% 61
\BOOKMARK [3][-]{subsubsection.10.3.2}{\376\377\000M\000e\000t\000h\000o\000d\000o\000l\000o\000g\000y}{subsection.10.3}% 62
\BOOKMARK [3][-]{subsubsection.10.3.3}{\376\377\000C\000\040\000H\000e\000l\000p\000e\000r\000\040\000F\000i\000l\000e}{subsection.10.3}% 63
\BOOKMARK [3][-]{subsubsection.10.3.4}{\376\377\000r\000p\000a\000r\000t\000c\000a\000l\000l\000b\000a\000c\000k\000.\000p\000y\000\040\000R\000e\000w\000r\000i\000t\000e}{subsection.10.3}% 64
\BOOKMARK [3][-]{subsubsection.10.3.5}{\376\377\000R\000e\000s\000u\000l\000t\000s}{subsection.10.3}% 65
\BOOKMARK [1][-]{section.A}{\376\377\000P\000h\000a\000s\000e\000\040\0001\000:\000\040\000C\000\040\000D\000e\000p\000e\000n\000d\000e\000n\000c\000y\000\040\000A\000n\000a\000l\000y\000s\000i\000s}{}% 66
\BOOKMARK [2][-]{subsection.A.1}{\376\377\000S\000k\000i\000l\000l\000:\000\040\000/\000a\000n\000a\000l\000y\000z\000e\000-\000c\000-\000f\000o\000l\000d\000e\000r\000-\000d\000e\000p\000e\000n\000d\000e\000n\000c\000i\000e\000s}{section.A}% 67
\BOOKMARK [2][-]{subsection.A.2}{\376\377\000A\000g\000e\000n\000t\000:\000\040\000@\000a\000n\000a\000l\000y\000z\000e\000-\000c\000-\000f\000i\000l\000e\000-\000d\000e\000p\000e\000n\000d\000e\000n\000c\000i\000e\000s}{section.A}% 68
\BOOKMARK [1][-]{section.B}{\376\377\000P\000h\000a\000s\000e\000\040\0002\000:\000\040\000R\000\040\000E\000x\000t\000e\000r\000n\000a\000l\000\040\000I\000t\000e\000m\000\040\000E\000x\000t\000r\000a\000c\000t\000i\000o\000n}{}% 69
\BOOKMARK [2][-]{subsection.B.1}{\376\377\000S\000k\000i\000l\000l\000:\000\040\000/\000e\000x\000t\000r\000a\000c\000t\000-\000c\000-\000f\000o\000l\000d\000e\000r\000-\000r\000-\000e\000x\000t\000e\000r\000n\000-\000i\000t\000e\000m\000s}{section.B}% 70
\BOOKMARK [2][-]{subsection.B.2}{\376\377\000A\000g\000e\000n\000t\000:\000\040\000@\000e\000x\000t\000r\000a\000c\000t\000-\000c\000-\000f\000i\000l\000e\000-\000r\000-\000e\000x\000t\000e\000r\000n\000-\000i\000t\000e\000m\000s}{section.B}% 71
\BOOKMARK [1][-]{section.C}{\376\377\000P\000h\000a\000s\000e\000\040\0003\000:\000\040\000F\000a\000k\000e\000\040\000H\000e\000a\000d\000e\000r\000\040\000I\000m\000p\000l\000e\000m\000e\000n\000t\000a\000t\000i\000o\000n\000\040\000G\000u\000i\000d\000e\000s}{}% 72
\BOOKMARK [2][-]{subsection.C.1}{\376\377\000S\000k\000i\000l\000l\000:\000\040\000/\000g\000e\000n\000e\000r\000a\000t\000e\000-\000r\000-\000e\000x\000t\000e\000r\000n\000-\000f\000a\000k\000e\000-\000g\000u\000i\000d\000e\000s}{section.C}% 73
\BOOKMARK [2][-]{subsection.C.2}{\376\377\000A\000g\000e\000n\000t\000:\000\040\000@\000g\000e\000n\000e\000r\000a\000t\000e\000-\000r\000-\000e\000x\000t\000e\000r\000n\000-\000f\000a\000k\000e\000-\000g\000u\000i\000d\000e}{section.C}% 74
\BOOKMARK [1][-]{section.D}{\376\377\000P\000h\000a\000s\000e\000\040\0004\000:\000\040\000F\000a\000k\000e\000\040\000H\000e\000a\000d\000e\000r\000\040\000G\000e\000n\000e\000r\000a\000t\000i\000o\000n}{}% 75
\BOOKMARK [2][-]{subsection.D.1}{\376\377\000S\000k\000i\000l\000l\000:\000\040\000/\000g\000e\000n\000e\000r\000a\000t\000e\000-\000r\000-\000e\000x\000t\000e\000r\000n\000-\000f\000a\000k\000e\000-\000h\000e\000a\000d\000e\000r\000s}{section.D}% 76
\BOOKMARK [2][-]{subsection.D.2}{\376\377\000A\000g\000e\000n\000t\000:\000\040\000@\000g\000e\000n\000e\000r\000a\000t\000e\000-\000r\000-\000e\000x\000t\000e\000r\000n\000-\000f\000a\000k\000e\000-\000h\000e\000a\000d\000e\000r}{section.D}% 77
\BOOKMARK [1][-]{section.E}{\376\377\000P\000h\000a\000s\000e\000\040\0005\000A\000:\000\040\000P\000u\000r\000e\000-\000C\000\040\000E\000n\000t\000r\000y\000-\000P\000o\000i\000n\000t\000\040\000G\000e\000n\000e\000r\000a\000t\000i\000o\000n}{}% 78
\BOOKMARK [2][-]{subsection.E.1}{\376\377\000S\000k\000i\000l\000l\000:\000\040\000/\000g\000e\000n\000e\000r\000a\000t\000e\000-\000r\000-\000e\000x\000t\000e\000r\000n\000-\000r\000a\000w\000-\000e\000n\000t\000r\000y\000-\000p\000o\000i\000n\000t\000s}{section.E}% 79
\BOOKMARK [2][-]{subsection.E.2}{\376\377\000A\000g\000e\000n\000t\000:\000\040\000@\000g\000e\000n\000e\000r\000a\000t\000e\000-\000r\000-\000e\000x\000t\000e\000r\000n\000-\000r\000a\000w\000-\000e\000n\000t\000r\000y\000-\000p\000o\000i\000n\000t}{section.E}% 80
\BOOKMARK [1][-]{section.F}{\376\377\000P\000h\000a\000s\000e\000\040\0005\000B\000:\000\040\000F\000a\000k\000e\000-\000H\000e\000a\000d\000e\000r\000\040\000M\000i\000g\000r\000a\000t\000i\000o\000n}{}% 81
\BOOKMARK [2][-]{subsection.F.1}{\376\377\000S\000k\000i\000l\000l\000:\000\040\000/\000m\000o\000d\000i\000f\000y\000-\000c\000-\000f\000o\000l\000d\000e\000r\000-\000w\000i\000t\000h\000-\000f\000a\000k\000e\000-\000h\000e\000a\000d\000e\000r\000s}{section.F}% 82
\BOOKMARK [2][-]{subsection.F.2}{\376\377\000A\000g\000e\000n\000t\000:\000\040\000@\000m\000o\000d\000i\000f\000y\000-\000c\000-\000f\000i\000l\000e\000-\000w\000i\000t\000h\000-\000f\000a\000k\000e\000-\000h\000e\000a\000d\000e\000r\000s}{section.F}% 83
\BOOKMARK [1][-]{section.G}{\376\377\000P\000h\000a\000s\000e\000\040\0006\000:\000\040\000R\000\040\000P\000a\000c\000k\000a\000g\000e\000\040\000S\000t\000r\000u\000c\000t\000u\000r\000a\000l\000\040\000D\000e\000p\000e\000n\000d\000e\000n\000c\000y\000\040\000A\000n\000a\000l\000y\000s\000i\000s}{}% 84
\BOOKMARK [2][-]{subsection.G.1}{\376\377\000S\000k\000i\000l\000l\000:\000\040\000/\000a\000n\000a\000l\000y\000z\000e\000-\000r\000-\000f\000o\000l\000d\000e\000r\000-\000d\000e\000p\000e\000n\000d\000e\000n\000c\000i\000e\000s}{section.G}% 85
\BOOKMARK [2][-]{subsection.G.2}{\376\377\000A\000g\000e\000n\000t\000:\000\040\000@\000a\000n\000a\000l\000y\000z\000e\000-\000r\000-\000f\000i\000l\000e\000-\000d\000e\000p\000e\000n\000d\000e\000n\000c\000i\000e\000s}{section.G}% 86
\BOOKMARK [1][-]{section.H}{\376\377\000P\000h\000a\000s\000e\000\040\0008\000.\0001\000:\000\040\000L\000a\000n\000g\000u\000a\000g\000e\000\040\000D\000e\000p\000e\000n\000d\000e\000n\000c\000y\000\040\000E\000x\000t\000r\000a\000c\000t\000i\000o\000n}{}% 87
\BOOKMARK [2][-]{subsection.H.1}{\376\377\000S\000k\000i\000l\000l\000:\000\040\000/\000e\000x\000t\000r\000a\000c\000t\000-\000r\000-\000f\000o\000l\000d\000e\000r\000-\000l\000a\000n\000g\000u\000a\000g\000e\000-\000d\000e\000p\000e\000n\000d\000e\000n\000c\000i\000e\000s}{section.H}% 88
\BOOKMARK [2][-]{subsection.H.2}{\376\377\000A\000g\000e\000n\000t\000:\000\040\000@\000e\000x\000t\000r\000a\000c\000t\000-\000r\000-\000f\000i\000l\000e\000-\000l\000a\000n\000g\000u\000a\000g\000e\000-\000d\000e\000p\000e\000n\000d\000e\000n\000c\000i\000e\000s}{section.H}% 89
\BOOKMARK [1][-]{section.I}{\376\377\000P\000h\000a\000s\000e\000\040\0008\000.\0002\000:\000\040\000C\000o\000n\000v\000e\000r\000s\000i\000o\000n\000\040\000G\000u\000i\000d\000e\000\040\000G\000e\000n\000e\000r\000a\000t\000i\000o\000n}{}% 90
\BOOKMARK [2][-]{subsection.I.1}{\376\377\000S\000k\000i\000l\000l\000:\000\040\000/\000g\000e\000n\000e\000r\000a\000t\000e\000-\000l\000a\000n\000g\000u\000a\000g\000e\000-\000d\000e\000p\000e\000n\000d\000e\000n\000c\000y\000-\000c\000o\000n\000v\000e\000r\000s\000i\000o\000n\000-\000g\000u\000i\000d\000e\000s}{section.I}% 91
\BOOKMARK [2][-]{subsection.I.2}{\376\377\000A\000g\000e\000n\000t\000:\000\040\000@\000g\000e\000n\000e\000r\000a\000t\000e\000-\000l\000a\000n\000g\000u\000a\000g\000e\000-\000d\000e\000p\000e\000n\000d\000e\000n\000c\000y\000-\000c\000o\000n\000v\000e\000r\000s\000i\000o\000n\000-\000g\000u\000i\000d\000e}{section.I}% 92
\BOOKMARK [1][-]{section.J}{\376\377\000P\000h\000a\000s\000e\000\040\0009\000.\0001\000:\000\040\000B\000a\000t\000c\000h\000\040\000R\000-\000t\000o\000-\000P\000y\000t\000h\000o\000n\000\040\000C\000o\000n\000v\000e\000r\000s\000i\000o\000n}{}% 93
\BOOKMARK [2][-]{subsection.J.1}{\376\377\000S\000k\000i\000l\000l\000:\000\040\000/\000c\000o\000n\000v\000e\000r\000t\000-\000r\000-\000f\000o\000l\000d\000e\000r\000-\000t\000o\000-\000p\000y\000t\000h\000o\000n}{section.J}% 94
\BOOKMARK [2][-]{subsection.J.2}{\376\377\000S\000u\000b\000-\000s\000k\000i\000l\000l\000:\000\040\000/\000c\000o\000n\000v\000e\000r\000t\000-\000r\000-\000f\000i\000l\000e\000-\000t\000o\000-\000p\000y\000t\000h\000o\000n}{section.J}% 95
\BOOKMARK [2][-]{subsection.J.3}{\376\377\000A\000g\000e\000n\000t\000:\000\040\000@\000c\000o\000n\000v\000e\000r\000t\000-\000r\000-\000f\000u\000n\000c\000t\000i\000o\000n\000-\000t\000o\000-\000p\000y\000t\000h\000o\000n}{section.J}% 96
\BOOKMARK [1][-]{section.K}{\376\377\000P\000h\000a\000s\000e\000\040\0009\000.\0002\000:\000\040\000P\000a\000c\000k\000a\000g\000e\000\040\000A\000s\000s\000e\000m\000b\000l\000y}{}% 97
\BOOKMARK [2][-]{subsection.K.1}{\376\377\000S\000k\000i\000l\000l\000:\000\040\000/\000c\000o\000m\000b\000i\000n\000e\000-\000p\000y\000t\000h\000o\000n\000-\000f\000u\000n\000c\000t\000i\000o\000n\000s\000-\000i\000n\000t\000o\000-\000f\000o\000l\000d\000e\000r}{section.K}% 98
\BOOKMARK [2][-]{subsection.K.2}{\376\377\000S\000u\000b\000-\000s\000k\000i\000l\000l\000:\000\040\000/\000c\000o\000m\000b\000i\000n\000e\000-\000p\000y\000t\000h\000o\000n\000-\000f\000u\000n\000c\000t\000i\000o\000n\000s\000-\000i\000n\000t\000o\000-\000f\000i\000l\000e}{section.K}% 99
\BOOKMARK [1][-]{section.L}{\376\377\000P\000h\000a\000s\000e\000\040\0009\000.\0003\000:\000\040\000R\000\040\000I\000n\000t\000e\000r\000p\000r\000e\000t\000e\000r\000\040\000I\000t\000e\000m\000\040\000B\000r\000i\000d\000g\000e}{}% 100
\BOOKMARK [2][-]{subsection.L.1}{\376\377\000S\000k\000i\000l\000l\000:\000\040\000/\000a\000d\000d\000-\000r\000-\000i\000n\000t\000e\000r\000p\000r\000e\000t\000e\000r\000-\000i\000t\000e\000m\000s}{section.L}% 101
\BOOKMARK [2][-]{subsection.L.2}{\376\377\000A\000g\000e\000n\000t\000:\000\040\000@\000a\000d\000d\000-\000r\000-\000i\000n\000t\000e\000r\000p\000r\000e\000t\000e\000r\000-\000i\000t\000e\000m\000s}{section.L}% 102
